
> @qi-education/app@0.1.33 start
> ng serve --host 127.0.0.1 --port 4200

[33m>[39m Building...
[32m√[39m Building...
[1mInitial chunk files[22m[2m | [22m[1mNames[22m              [2m | [22m [1mRaw size[22m
[32mmain.js[39m            [2m | [22m[2mmain[22m               [2m | [22m [36m38.51 kB[39m[2m | [22m
[32mstyles.css[39m         [2m | [22m[2mstyles[22m             [2m | [22m [36m35.61 kB[39m[2m | [22m
[32mchunk-HFBNPKKE.js[39m  [2m | [22m[2m-[22m                  [2m | [22m  [36m1.45 kB[39m[2m | [22m

[1m [22m                  [2m | [22m[1mInitial total[22m      [2m | [22m [1m75.56 kB[22m

[1mLazy chunk files[22m   [2m | [22m[1mNames[22m              [2m | [22m [1mRaw size[22m
[32mchunk-BPKB62PB.js[39m  [2m | [22m[2mcourse-editor-route[22m[2m | [22m[36m373.46 kB[39m[2m | [22m
[32mchunk-5VFM34EJ.js[39m  [2m | [22m[2m-[22m                  [2m | [22m[36m258.55 kB[39m[2m | [22m
[32mchunk-MIUDXBMK.js[39m  [2m | [22m[2mcourse-view-route[22m  [2m | [22m[36m253.79 kB[39m[2m | [22m
[32mchunk-RJGV3KUC.js[39m  [2m | [22m[2mcourses-route[22m      [2m | [22m[36m117.02 kB[39m[2m | [22m
[32mchunk-GZDZ4U3H.js[39m  [2m | [22m[2madmin-route[22m        [2m | [22m[36m112.80 kB[39m[2m | [22m
[32mchunk-6N5UPG67.js[39m  [2m | [22m[2mlibrary-route[22m      [2m | [22m [36m79.24 kB[39m[2m | [22m
[32mchunk-XEHDJ6PW.js[39m  [2m | [22m[2m-[22m                  [2m | [22m [36m57.85 kB[39m[2m | [22m
[32mchunk-IWN5SY6S.js[39m  [2m | [22m[2m-[22m                  [2m | [22m [36m27.25 kB[39m[2m | [22m
[32mchunk-5IT5LVYD.js[39m  [2m | [22m[2mdashboard-route[22m    [2m | [22m [36m14.67 kB[39m[2m | [22m
[32mchunk-CIZBKVH2.js[39m  [2m | [22m[2mterms-route[22m        [2m | [22m [36m12.18 kB[39m[2m | [22m
[32mchunk-VIQCJG2O.js[39m  [2m | [22m[2m-[22m                  [2m | [22m  [36m6.56 kB[39m[2m | [22m

Application bundle generation complete. [3.845 seconds] - 2026-05-28T12:52:21.357Z

Watch mode enabled. Watching for file changes...
NOTE: Raw file sizes do not reflect development server per-request transformations.
  [32m➜[39m  [1mLocal[22m:   [36mhttp://127.0.0.1:[1m4200[22m/[39m
[2m[32m  ➜[39m[22m[2m  press [22m[1mh + enter[22m[2m to show help[22m
[33m>[39m Changes detected. Rebuilding...
[32m√[39m Changes detected. Rebuilding...
[1mInitial chunk files[22m[2m | [22m[1mNames[22m              [2m | [22m [1mRaw size[22m
[32mmain.js[39m            [2m | [22m[2mmain[22m               [2m | [22m [36m38.51 kB[39m[2m | [22m

[1mLazy chunk files[22m   [2m | [22m[1mNames[22m              [2m | [22m [1mRaw size[22m
[32mchunk-SBKRYMWL.js[39m  [2m | [22m[2mcourse-editor-route[22m[2m | [22m[36m374.60 kB[39m[2m | [22m

Application bundle generation complete. [2.576 seconds] - 2026-05-28T12:57:38.082Z

Page reload sent to client(s).
[33m>[39m Changes detected. Rebuilding...
[32m√[39m Changes detected. Rebuilding...
[1mInitial chunk files[22m[2m | [22m[1mNames[22m              [2m | [22m [1mRaw size[22m
[32mmain.js[39m            [2m | [22m[2mmain[22m               [2m | [22m [36m38.51 kB[39m[2m | [22m

[1mLazy chunk files[22m   [2m | [22m[1mNames[22m              [2m | [22m [1mRaw size[22m
[32mchunk-77LWOC3N.js[39m  [2m | [22m[2mcourse-editor-route[22m[2m | [22m[36m375.80 kB[39m[2m | [22m

Application bundle generation complete. [0.765 seconds] - 2026-05-28T12:57:45.807Z

Component update sent to client(s).
[33m>[39m Changes detected. Rebuilding...
[32m√[39m Changes detected. Rebuilding...
[1mInitial chunk files[22m[2m | [22m[1mNames[22m [2m | [22m[1mRaw size[22m
[32mstyles.css[39m         [2m | [22m[2mstyles[22m[2m | [22m[36m35.73 kB[39m[2m | [22m

Application bundle generation complete. [0.051 seconds] - 2026-05-28T12:58:07.995Z

Stylesheet update sent to client(s).
[33m>[39m Changes detected. Rebuilding...
[32m√[39m Changes detected. Rebuilding...
[1mInitial chunk files[22m[2m | [22m[1mNames[22m              [2m | [22m [1mRaw size[22m
[32mmain.js[39m            [2m | [22m[2mmain[22m               [2m | [22m [36m38.51 kB[39m[2m | [22m

[1mLazy chunk files[22m   [2m | [22m[1mNames[22m              [2m | [22m [1mRaw size[22m
[32mchunk-3QF6FQHV.js[39m  [2m | [22m[2mcourse-editor-route[22m[2m | [22m[36m376.27 kB[39m[2m | [22m

Application bundle generation complete. [0.860 seconds] - 2026-05-28T12:58:36.783Z

Page reload sent to client(s).
[33m>[39m Changes detected. Rebuilding...
[32m√[39m Changes detected. Rebuilding...
[1mInitial chunk files[22m[2m | [22m[1mNames[22m              [2m | [22m [1mRaw size[22m
[32mmain.js[39m            [2m | [22m[2mmain[22m               [2m | [22m [36m38.51 kB[39m[2m | [22m

[1mLazy chunk files[22m   [2m | [22m[1mNames[22m              [2m | [22m [1mRaw size[22m
[32mchunk-MAVLLWO2.js[39m  [2m | [22m[2mcourse-editor-route[22m[2m | [22m[36m376.16 kB[39m[2m | [22m

Application bundle generation complete. [0.761 seconds] - 2026-05-28T13:03:23.634Z

Page reload sent to client(s).
[33m>[39m Changes detected. Rebuilding...
[32m√[39m Changes detected. Rebuilding...
[1mInitial chunk files[22m[2m | [22m[1mNames[22m [2m | [22m[1mRaw size[22m
[32mstyles.css[39m         [2m | [22m[2mstyles[22m[2m | [22m[36m35.73 kB[39m[2m | [22m

Application bundle generation complete. [0.043 seconds] - 2026-05-28T13:03:46.119Z

Stylesheet update sent to client(s).
[33m>[39m Changes detected. Rebuilding...
[32m√[39m Changes detected. Rebuilding...
[1mInitial chunk files[22m[2m | [22m[1mNames[22m              [2m | [22m [1mRaw size[22m
[32mmain.js[39m            [2m | [22m[2mmain[22m               [2m | [22m [36m38.51 kB[39m[2m | [22m

[1mLazy chunk files[22m   [2m | [22m[1mNames[22m              [2m | [22m [1mRaw size[22m
[32mchunk-5JKDCJY6.js[39m  [2m | [22m[2mcourse-editor-route[22m[2m | [22m[36m376.19 kB[39m[2m | [22m

Application bundle generation complete. [0.907 seconds] - 2026-05-28T13:18:41.711Z

Page reload sent to client(s).
[33m>[39m Changes detected. Rebuilding...
[32m√[39m Changes detected. Rebuilding...
[1mInitial chunk files[22m[2m | [22m[1mNames[22m [2m | [22m[1mRaw size[22m
[32mstyles.css[39m         [2m | [22m[2mstyles[22m[2m | [22m[36m35.55 kB[39m[2m | [22m

Application bundle generation complete. [0.047 seconds] - 2026-05-28T13:19:18.590Z

Stylesheet update sent to client(s).
[33m>[39m Changes detected. Rebuilding...
[32m√[39m Changes detected. Rebuilding...
[1mInitial chunk files[22m[2m | [22m[1mNames[22m              [2m | [22m [1mRaw size[22m
[32mmain.js[39m            [2m | [22m[2mmain[22m               [2m | [22m [36m38.51 kB[39m[2m | [22m

[1mLazy chunk files[22m   [2m | [22m[1mNames[22m              [2m | [22m [1mRaw size[22m
[32mchunk-GZJ5AS67.js[39m  [2m | [22m[2mcourse-editor-route[22m[2m | [22m[36m376.19 kB[39m[2m | [22m
[32mchunk-CHQUCEE6.js[39m  [2m | [22m[2m-[22m                  [2m | [22m[36m258.77 kB[39m[2m | [22m
[32mchunk-FAVPQ6UM.js[39m  [2m | [22m[2mcourse-view-route[22m  [2m | [22m[36m253.79 kB[39m[2m | [22m
[32mchunk-DGX474CO.js[39m  [2m | [22m[2mcourses-route[22m      [2m | [22m[36m117.02 kB[39m[2m | [22m
[32mchunk-2OJGZNKQ.js[39m  [2m | [22m[2madmin-route[22m        [2m | [22m[36m112.80 kB[39m[2m | [22m
[32mchunk-6ZQI3AJP.js[39m  [2m | [22m[2mlibrary-route[22m      [2m | [22m [36m79.24 kB[39m[2m | [22m
[32mchunk-TLJQ7URC.js[39m  [2m | [22m[2m-[22m                  [2m | [22m [36m57.85 kB[39m[2m | [22m
[32mchunk-52NO6W2N.js[39m  [2m | [22m[2mdashboard-route[22m    [2m | [22m [36m14.67 kB[39m[2m | [22m

Application bundle generation complete. [0.403 seconds] - 2026-05-28T13:23:34.986Z

Page reload sent to client(s).
[33m>[39m Changes detected. Rebuilding...
[32m√[39m Changes detected. Rebuilding...
[1mInitial chunk files[22m[2m | [22m[1mNames[22m              [2m | [22m [1mRaw size[22m
[32mmain.js[39m            [2m | [22m[2mmain[22m               [2m | [22m [36m38.51 kB[39m[2m | [22m

[1mLazy chunk files[22m   [2m | [22m[1mNames[22m              [2m | [22m [1mRaw size[22m
[32mchunk-EDF7PFZS.js[39m  [2m | [22m[2mcourse-editor-route[22m[2m | [22m[36m376.19 kB[39m[2m | [22m
[32mchunk-6A3GNRX2.js[39m  [2m | [22m[2m-[22m                  [2m | [22m[36m258.85 kB[39m[2m | [22m
[32mchunk-ZZKGH7IS.js[39m  [2m | [22m[2mcourse-view-route[22m  [2m | [22m[36m253.79 kB[39m[2m | [22m
[32mchunk-YQAJ3YY7.js[39m  [2m | [22m[2mcourses-route[22m      [2m | [22m[36m117.02 kB[39m[2m | [22m
[32mchunk-5MHOYNYC.js[39m  [2m | [22m[2madmin-route[22m        [2m | [22m[36m112.80 kB[39m[2m | [22m
[32mchunk-K73MQ7YP.js[39m  [2m | [22m[2mlibrary-route[22m      [2m | [22m [36m79.24 kB[39m[2m | [22m
[32mchunk-SRSLI2SQ.js[39m  [2m | [22m[2m-[22m                  [2m | [22m [36m57.85 kB[39m[2m | [22m
[32mchunk-AES7WHH3.js[39m  [2m | [22m[2mdashboard-route[22m    [2m | [22m [36m14.67 kB[39m[2m | [22m

Application bundle generation complete. [0.459 seconds] - 2026-05-28T13:23:51.178Z

Page reload sent to client(s).
[33m>[39m Changes detected. Rebuilding...
[32m√[39m Changes detected. Rebuilding...
[1mInitial chunk files[22m[2m | [22m[1mNames[22m              [2m | [22m [1mRaw size[22m
[32mmain.js[39m            [2m | [22m[2mmain[22m               [2m | [22m [36m38.51 kB[39m[2m | [22m

[1mLazy chunk files[22m   [2m | [22m[1mNames[22m              [2m | [22m [1mRaw size[22m
[32mchunk-JMYWXEOR.js[39m  [2m | [22m[2mcourse-editor-route[22m[2m | [22m[36m376.19 kB[39m[2m | [22m
[32mchunk-AFE6XTHY.js[39m  [2m | [22m[2m-[22m                  [2m | [22m[36m259.48 kB[39m[2m | [22m
[32mchunk-CQHCX52K.js[39m  [2m | [22m[2mcourse-view-route[22m  [2m | [22m[36m253.79 kB[39m[2m | [22m
[32mchunk-Q7QBV5A4.js[39m  [2m | [22m[2mcourses-route[22m      [2m | [22m[36m117.02 kB[39m[2m | [22m
[32mchunk-KIMGZMGH.js[39m  [2m | [22m[2madmin-route[22m        [2m | [22m[36m112.80 kB[39m[2m | [22m
[32mchunk-PCJBHVSZ.js[39m  [2m | [22m[2mlibrary-route[22m      [2m | [22m [36m79.24 kB[39m[2m | [22m
[32mchunk-KKBIE5Y5.js[39m  [2m | [22m[2m-[22m                  [2m | [22m [36m57.85 kB[39m[2m | [22m
[32mchunk-RGREBNFE.js[39m  [2m | [22m[2mdashboard-route[22m    [2m | [22m [36m14.67 kB[39m[2m | [22m

Application bundle generation complete. [0.533 seconds] - 2026-05-28T13:24:04.713Z

Page reload sent to client(s).
[33m>[39m Changes detected. Rebuilding...
[32m√[39m Changes detected. Rebuilding...
[1mInitial chunk files[22m[2m | [22m[1mNames[22m              [2m | [22m [1mRaw size[22m
[32mmain.js[39m            [2m | [22m[2mmain[22m               [2m | [22m [36m38.51 kB[39m[2m | [22m

[1mLazy chunk files[22m   [2m | [22m[1mNames[22m              [2m | [22m [1mRaw size[22m
[32mchunk-HNDWYZ5M.js[39m  [2m | [22m[2mcourse-editor-route[22m[2m | [22m[36m377.14 kB[39m[2m | [22m

Application bundle generation complete. [0.918 seconds] - 2026-05-28T13:24:17.090Z

Page reload sent to client(s).
[33m>[39m Changes detected. Rebuilding...
[32m√[39m Changes detected. Rebuilding...
[1mInitial chunk files[22m[2m | [22m[1mNames[22m              [2m | [22m [1mRaw size[22m
[32mmain.js[39m            [2m | [22m[2mmain[22m               [2m | [22m [36m38.51 kB[39m[2m | [22m

[1mLazy chunk files[22m   [2m | [22m[1mNames[22m              [2m | [22m [1mRaw size[22m
[32mchunk-MIIWOE46.js[39m  [2m | [22m[2mcourse-editor-route[22m[2m | [22m[36m377.49 kB[39m[2m | [22m

Application bundle generation complete. [0.921 seconds] - 2026-05-28T13:24:29.451Z

Page reload sent to client(s).
[33m>[39m Changes detected. Rebuilding...
[32m√[39m Changes detected. Rebuilding...
[1mInitial chunk files[22m[2m | [22m[1mNames[22m              [2m | [22m [1mRaw size[22m
[32mmain.js[39m            [2m | [22m[2mmain[22m               [2m | [22m [36m38.51 kB[39m[2m | [22m

[1mLazy chunk files[22m   [2m | [22m[1mNames[22m              [2m | [22m [1mRaw size[22m
[32mchunk-RNBVMGPY.js[39m  [2m | [22m[2mcourse-editor-route[22m[2m | [22m[36m377.87 kB[39m[2m | [22m

Application bundle generation complete. [0.638 seconds] - 2026-05-28T13:24:39.740Z

Component update sent to client(s).
[33m>[39m Changes detected. Rebuilding...
[32m√[39m Changes detected. Rebuilding...
Application bundle generation failed. [0.493 seconds] - 2026-05-28T13:27:24.516Z

[1m[31m[31mX [41;31m[[41;97mERROR[41;31m][0m [1mTS2345: Argument of type '(progress: any) => void' is not assignable to parameter of type 'string'.[0m [1m[35m[plugin angular-compiler][0m

    src/app/services/app-state.service.ts:996:8:
[37m      996 │         [32m(progress) => {[37m
          ╵         [32m~~~~~~~~~~~~~~~[0m


[31mX [41;31m[[41;97mERROR[41;31m][0m [1mTS7006: Parameter 'progress' implicitly has an 'any' type.[0m [1m[35m[plugin angular-compiler][0m

    src/app/services/app-state.service.ts:996:9:
[37m      996 │         ([32mprogress[37m) => {
          ╵          [32m~~~~~~~~[0m

[39m[22m
[33m>[39m Changes detected. Rebuilding...
[32m√[39m Changes detected. Rebuilding...
[1mInitial chunk files[22m[2m | [22m[1mNames[22m              [2m | [22m [1mRaw size[22m
[32mmain.js[39m            [2m | [22m[2mmain[22m               [2m | [22m [36m38.51 kB[39m[2m | [22m
[32mstyles.css[39m         [2m | [22m[2mstyles[22m             [2m | [22m [36m35.55 kB[39m[2m | [22m
[32mchunk-HFBNPKKE.js[39m  [2m | [22m[2m-[22m                  [2m | [22m  [36m1.45 kB[39m[2m | [22m

[1m [22m                  [2m | [22m[1mInitial total[22m      [2m | [22m [1m75.51 kB[22m

[1mLazy chunk files[22m   [2m | [22m[1mNames[22m              [2m | [22m [1mRaw size[22m
[32mchunk-QKJFWX7Q.js[39m  [2m | [22m[2mcourse-editor-route[22m[2m | [22m[36m377.87 kB[39m[2m | [22m
[32mchunk-EHR4CL35.js[39m  [2m | [22m[2m-[22m                  [2m | [22m[36m259.21 kB[39m[2m | [22m
[32mchunk-VU24NW2S.js[39m  [2m | [22m[2mcourse-view-route[22m  [2m | [22m[36m253.79 kB[39m[2m | [22m
[32mchunk-QWIBNEQY.js[39m  [2m | [22m[2mcourses-route[22m      [2m | [22m[36m117.02 kB[39m[2m | [22m
[32mchunk-Q6Q7GL4J.js[39m  [2m | [22m[2madmin-route[22m        [2m | [22m[36m112.80 kB[39m[2m | [22m
[32mchunk-SUP4YO4O.js[39m  [2m | [22m[2mlibrary-route[22m      [2m | [22m [36m79.24 kB[39m[2m | [22m
[32mchunk-55KJWR2K.js[39m  [2m | [22m[2m-[22m                  [2m | [22m [36m57.85 kB[39m[2m | [22m
[32mchunk-IWN5SY6S.js[39m  [2m | [22m[2m-[22m                  [2m | [22m [36m27.25 kB[39m[2m | [22m
[32mchunk-VKNPRLFC.js[39m  [2m | [22m[2mdashboard-route[22m    [2m | [22m [36m14.67 kB[39m[2m | [22m
[32mchunk-CIZBKVH2.js[39m  [2m | [22m[2mterms-route[22m        [2m | [22m [36m12.18 kB[39m[2m | [22m
[32mchunk-VIQCJG2O.js[39m  [2m | [22m[2m-[22m                  [2m | [22m  [36m6.56 kB[39m[2m | [22m

Application bundle generation complete. [0.549 seconds] - 2026-05-28T13:27:33.262Z

Page reload sent to client(s).
[33m>[39m Changes detected. Rebuilding...
[32m√[39m Changes detected. Rebuilding...
[1mInitial chunk files[22m[2m | [22m[1mNames[22m              [2m | [22m [1mRaw size[22m
[32mmain.js[39m            [2m | [22m[2mmain[22m               [2m | [22m [36m38.51 kB[39m[2m | [22m

[1mLazy chunk files[22m   [2m | [22m[1mNames[22m              [2m | [22m [1mRaw size[22m
[32mchunk-47LELMUQ.js[39m  [2m | [22m[2mcourse-editor-route[22m[2m | [22m[36m377.87 kB[39m[2m | [22m
[32mchunk-UIT5AWJ4.js[39m  [2m | [22m[2m-[22m                  [2m | [22m[36m259.87 kB[39m[2m | [22m
[32mchunk-B6LBK6O4.js[39m  [2m | [22m[2mcourse-view-route[22m  [2m | [22m[36m253.79 kB[39m[2m | [22m
[32mchunk-HRJTEKKL.js[39m  [2m | [22m[2mcourses-route[22m      [2m | [22m[36m117.02 kB[39m[2m | [22m
[32mchunk-3NNRQP3D.js[39m  [2m | [22m[2madmin-route[22m        [2m | [22m[36m112.80 kB[39m[2m | [22m
[32mchunk-PHPKOE3Z.js[39m  [2m | [22m[2mlibrary-route[22m      [2m | [22m [36m79.24 kB[39m[2m | [22m
[32mchunk-C7BZFNDR.js[39m  [2m | [22m[2m-[22m                  [2m | [22m [36m57.85 kB[39m[2m | [22m
[32mchunk-5VRVGODL.js[39m  [2m | [22m[2mdashboard-route[22m    [2m | [22m [36m14.67 kB[39m[2m | [22m

Application bundle generation complete. [0.425 seconds] - 2026-05-28T13:31:00.844Z

Page reload sent to client(s).
[33m>[39m Changes detected. Rebuilding...
[32m√[39m Changes detected. Rebuilding...
[1mInitial chunk files[22m[2m | [22m[1mNames[22m              [2m | [22m [1mRaw size[22m
[32mmain.js[39m            [2m | [22m[2mmain[22m               [2m | [22m [36m38.51 kB[39m[2m | [22m

[1mLazy chunk files[22m   [2m | [22m[1mNames[22m              [2m | [22m [1mRaw size[22m
[32mchunk-OHSWZ3VZ.js[39m  [2m | [22m[2mcourse-editor-route[22m[2m | [22m[36m377.87 kB[39m[2m | [22m
[32mchunk-UW5CB7V2.js[39m  [2m | [22m[2m-[22m                  [2m | [22m[36m260.78 kB[39m[2m | [22m
[32mchunk-XTV5H6ME.js[39m  [2m | [22m[2mcourse-view-route[22m  [2m | [22m[36m253.79 kB[39m[2m | [22m
[32mchunk-VFC3FH3S.js[39m  [2m | [22m[2mcourses-route[22m      [2m | [22m[36m117.02 kB[39m[2m | [22m
[32mchunk-DPIK23K7.js[39m  [2m | [22m[2madmin-route[22m        [2m | [22m[36m112.80 kB[39m[2m | [22m
[32mchunk-AMEXMF2J.js[39m  [2m | [22m[2mlibrary-route[22m      [2m | [22m [36m79.24 kB[39m[2m | [22m
[32mchunk-PSMITMRV.js[39m  [2m | [22m[2m-[22m                  [2m | [22m [36m57.85 kB[39m[2m | [22m
[32mchunk-7R4ZWHBD.js[39m  [2m | [22m[2mdashboard-route[22m    [2m | [22m [36m14.67 kB[39m[2m | [22m

Application bundle generation complete. [0.502 seconds] - 2026-05-28T13:31:10.695Z

Page reload sent to client(s).
[33m>[39m Changes detected. Rebuilding...
[32m√[39m Changes detected. Rebuilding...
[1mInitial chunk files[22m[2m | [22m[1mNames[22m              [2m | [22m [1mRaw size[22m
[32mmain.js[39m            [2m | [22m[2mmain[22m               [2m | [22m [36m38.51 kB[39m[2m | [22m

[1mLazy chunk files[22m   [2m | [22m[1mNames[22m              [2m | [22m [1mRaw size[22m
[32mchunk-3PLM5GDL.js[39m  [2m | [22m[2mcourse-editor-route[22m[2m | [22m[36m377.87 kB[39m[2m | [22m
[32mchunk-IRK3CGVF.js[39m  [2m | [22m[2m-[22m                  [2m | [22m[36m260.75 kB[39m[2m | [22m
[32mchunk-3A3G5EKA.js[39m  [2m | [22m[2mcourse-view-route[22m  [2m | [22m[36m253.79 kB[39m[2m | [22m
[32mchunk-HZD7LNSA.js[39m  [2m | [22m[2mcourses-route[22m      [2m | [22m[36m117.02 kB[39m[2m | [22m
[32mchunk-EYBZPR3Y.js[39m  [2m | [22m[2madmin-route[22m        [2m | [22m[36m112.80 kB[39m[2m | [22m
[32mchunk-6JM5UC2S.js[39m  [2m | [22m[2mlibrary-route[22m      [2m | [22m [36m79.24 kB[39m[2m | [22m
[32mchunk-LGQ3AX3L.js[39m  [2m | [22m[2m-[22m                  [2m | [22m [36m57.85 kB[39m[2m | [22m
[32mchunk-WY7SBIXB.js[39m  [2m | [22m[2mdashboard-route[22m    [2m | [22m [36m14.67 kB[39m[2m | [22m

Application bundle generation complete. [0.452 seconds] - 2026-05-28T13:31:27.701Z

Page reload sent to client(s).
[33m>[39m Changes detected. Rebuilding...
[32m√[39m Changes detected. Rebuilding...
Application bundle generation failed. [0.730 seconds] - 2026-05-28T13:31:33.475Z

[1m[31m[31mX [41;31m[[41;97mERROR[41;31m][0m [1mTS2339: Property 'richTextBeforeInput' does not exist on type 'CourseBuilder'.[0m [1m[35m[plugin angular-compiler][0m

    src/app/ui/course-builder/course-builder.html:509:33:
[37m      509 │                   (beforeinput)="[32mrichTextBeforeInput[37m($event)"
          ╵                                  [32m~~~~~~~~~~~~~~~~~~~[0m

  Error occurs in the template of component CourseBuilder.

    src/app/ui/course-builder/course-builder.ts:57:15:
[37m      57 │   templateUrl: [32m'./course-builder.html'[37m,
         ╵                [32m~~~~~~~~~~~~~~~~~~~~~~~[0m

[39m[22m
[33m>[39m Changes detected. Rebuilding...
[32m√[39m Changes detected. Rebuilding...
[1mInitial chunk files[22m[2m | [22m[1mNames[22m              [2m | [22m [1mRaw size[22m
[32mmain.js[39m            [2m | [22m[2mmain[22m               [2m | [22m [36m38.51 kB[39m[2m | [22m
[32mstyles.css[39m         [2m | [22m[2mstyles[22m             [2m | [22m [36m35.55 kB[39m[2m | [22m
[32mchunk-HFBNPKKE.js[39m  [2m | [22m[2m-[22m                  [2m | [22m  [36m1.45 kB[39m[2m | [22m

[1m [22m                  [2m | [22m[1mInitial total[22m      [2m | [22m [1m75.51 kB[22m

[1mLazy chunk files[22m   [2m | [22m[1mNames[22m              [2m | [22m [1mRaw size[22m
[32mchunk-PA2OYRAO.js[39m  [2m | [22m[2mcourse-editor-route[22m[2m | [22m[36m379.39 kB[39m[2m | [22m
[32mchunk-IRK3CGVF.js[39m  [2m | [22m[2m-[22m                  [2m | [22m[36m260.75 kB[39m[2m | [22m
[32mchunk-3A3G5EKA.js[39m  [2m | [22m[2mcourse-view-route[22m  [2m | [22m[36m253.79 kB[39m[2m | [22m
[32mchunk-HZD7LNSA.js[39m  [2m | [22m[2mcourses-route[22m      [2m | [22m[36m117.02 kB[39m[2m | [22m
[32mchunk-EYBZPR3Y.js[39m  [2m | [22m[2madmin-route[22m        [2m | [22m[36m112.80 kB[39m[2m | [22m
[32mchunk-6JM5UC2S.js[39m  [2m | [22m[2mlibrary-route[22m      [2m | [22m [36m79.24 kB[39m[2m | [22m
[32mchunk-LGQ3AX3L.js[39m  [2m | [22m[2m-[22m                  [2m | [22m [36m57.85 kB[39m[2m | [22m
[32mchunk-IWN5SY6S.js[39m  [2m | [22m[2m-[22m                  [2m | [22m [36m27.25 kB[39m[2m | [22m
[32mchunk-WY7SBIXB.js[39m  [2m | [22m[2mdashboard-route[22m    [2m | [22m [36m14.67 kB[39m[2m | [22m
[32mchunk-CIZBKVH2.js[39m  [2m | [22m[2mterms-route[22m        [2m | [22m [36m12.18 kB[39m[2m | [22m
[32mchunk-VIQCJG2O.js[39m  [2m | [22m[2m-[22m                  [2m | [22m  [36m6.56 kB[39m[2m | [22m

Application bundle generation complete. [1.024 seconds] - 2026-05-28T13:31:56.213Z

Page reload sent to client(s).
[33m>[39m Changes detected. Rebuilding...
[32m√[39m Changes detected. Rebuilding...
Application bundle generation failed. [0.837 seconds] - 2026-05-28T13:36:28.768Z

[1m[31m[31mX [41;31m[[41;97mERROR[41;31m][0m [1mTS2551: Property 'richTextMouseDown' does not exist on type 'CourseBuilder'. Did you mean 'richTextKeydown'?[0m [1m[35m[plugin angular-compiler][0m

    src/app/ui/course-builder/course-builder.html:509:31:
[37m      509 │                   (mousedown)="[32mrichTextMouseDown[37m($event)"
          ╵                                [32m~~~~~~~~~~~~~~~~~[0m

  Error occurs in the template of component CourseBuilder.

    src/app/ui/course-builder/course-builder.ts:57:15:
[37m      57 │   templateUrl: [32m'./course-builder.html'[37m,
         ╵                [32m~~~~~~~~~~~~~~~~~~~~~~~[0m

[39m[22m
[33m>[39m Changes detected. Rebuilding...
[32m√[39m Changes detected. Rebuilding...
[1mInitial chunk files[22m[2m | [22m[1mNames[22m              [2m | [22m [1mRaw size[22m
[32mmain.js[39m            [2m | [22m[2mmain[22m               [2m | [22m [36m38.51 kB[39m[2m | [22m
[32mstyles.css[39m         [2m | [22m[2mstyles[22m             [2m | [22m [36m35.55 kB[39m[2m | [22m
[32mchunk-HFBNPKKE.js[39m  [2m | [22m[2m-[22m                  [2m | [22m  [36m1.45 kB[39m[2m | [22m

[1m [22m                  [2m | [22m[1mInitial total[22m      [2m | [22m [1m75.51 kB[22m

[1mLazy chunk files[22m   [2m | [22m[1mNames[22m              [2m | [22m [1mRaw size[22m
[32mchunk-KXWA5KP5.js[39m  [2m | [22m[2mcourse-editor-route[22m[2m | [22m[36m379.74 kB[39m[2m | [22m
[32mchunk-IRK3CGVF.js[39m  [2m | [22m[2m-[22m                  [2m | [22m[36m260.75 kB[39m[2m | [22m
[32mchunk-3A3G5EKA.js[39m  [2m | [22m[2mcourse-view-route[22m  [2m | [22m[36m253.79 kB[39m[2m | [22m
[32mchunk-HZD7LNSA.js[39m  [2m | [22m[2mcourses-route[22m      [2m | [22m[36m117.02 kB[39m[2m | [22m
[32mchunk-EYBZPR3Y.js[39m  [2m | [22m[2madmin-route[22m        [2m | [22m[36m112.80 kB[39m[2m | [22m
[32mchunk-6JM5UC2S.js[39m  [2m | [22m[2mlibrary-route[22m      [2m | [22m [36m79.24 kB[39m[2m | [22m
[32mchunk-LGQ3AX3L.js[39m  [2m | [22m[2m-[22m                  [2m | [22m [36m57.85 kB[39m[2m | [22m
[32mchunk-IWN5SY6S.js[39m  [2m | [22m[2m-[22m                  [2m | [22m [36m27.25 kB[39m[2m | [22m
[32mchunk-WY7SBIXB.js[39m  [2m | [22m[2mdashboard-route[22m    [2m | [22m [36m14.67 kB[39m[2m | [22m
[32mchunk-CIZBKVH2.js[39m  [2m | [22m[2mterms-route[22m        [2m | [22m [36m12.18 kB[39m[2m | [22m
[32mchunk-VIQCJG2O.js[39m  [2m | [22m[2m-[22m                  [2m | [22m  [36m6.56 kB[39m[2m | [22m

Application bundle generation complete. [0.784 seconds] - 2026-05-28T13:36:41.843Z

Page reload sent to client(s).
[33m>[39m Changes detected. Rebuilding...
[32m√[39m Changes detected. Rebuilding...
[1mInitial chunk files[22m[2m | [22m[1mNames[22m [2m | [22m[1mRaw size[22m
[32mstyles.css[39m         [2m | [22m[2mstyles[22m[2m | [22m[36m35.84 kB[39m[2m | [22m

Application bundle generation complete. [0.049 seconds] - 2026-05-28T13:36:51.650Z

Stylesheet update sent to client(s).
[33m>[39m Changes detected. Rebuilding...
[32m√[39m Changes detected. Rebuilding...
[1mInitial chunk files[22m[2m | [22m[1mNames[22m              [2m | [22m [1mRaw size[22m
[32mmain.js[39m            [2m | [22m[2mmain[22m               [2m | [22m [36m38.51 kB[39m[2m | [22m

[1mLazy chunk files[22m   [2m | [22m[1mNames[22m              [2m | [22m [1mRaw size[22m
[32mchunk-C6YU2ELP.js[39m  [2m | [22m[2mcourse-editor-route[22m[2m | [22m[36m381.50 kB[39m[2m | [22m

Application bundle generation complete. [0.936 seconds] - 2026-05-28T13:38:52.024Z

Page reload sent to client(s).
[33m>[39m Changes detected. Rebuilding...
[32m√[39m Changes detected. Rebuilding...
[1mInitial chunk files[22m[2m | [22m[1mNames[22m              [2m | [22m [1mRaw size[22m
[32mmain.js[39m            [2m | [22m[2mmain[22m               [2m | [22m [36m38.51 kB[39m[2m | [22m

[1mLazy chunk files[22m   [2m | [22m[1mNames[22m              [2m | [22m [1mRaw size[22m
[32mchunk-FQQUWOBI.js[39m  [2m | [22m[2mcourse-editor-route[22m[2m | [22m[36m381.50 kB[39m[2m | [22m
[32mchunk-W2KTAHPR.js[39m  [2m | [22m[2m-[22m                  [2m | [22m[36m260.46 kB[39m[2m | [22m
[32mchunk-VTVCZEOF.js[39m  [2m | [22m[2mcourse-view-route[22m  [2m | [22m[36m253.79 kB[39m[2m | [22m
[32mchunk-YDMCQ7LI.js[39m  [2m | [22m[2mcourses-route[22m      [2m | [22m[36m117.02 kB[39m[2m | [22m
[32mchunk-RE4GUQ7X.js[39m  [2m | [22m[2madmin-route[22m        [2m | [22m[36m112.80 kB[39m[2m | [22m
[32mchunk-565EPB65.js[39m  [2m | [22m[2mlibrary-route[22m      [2m | [22m [36m79.24 kB[39m[2m | [22m
[32mchunk-TETNJFRH.js[39m  [2m | [22m[2m-[22m                  [2m | [22m [36m57.85 kB[39m[2m | [22m
[32mchunk-ZCZFPUUA.js[39m  [2m | [22m[2mdashboard-route[22m    [2m | [22m [36m14.67 kB[39m[2m | [22m

Application bundle generation complete. [0.568 seconds] - 2026-05-28T13:42:29.043Z

Page reload sent to client(s).
[33m>[39m Changes detected. Rebuilding...
[32m√[39m Changes detected. Rebuilding...
Application bundle generation failed. [0.817 seconds] - 2026-05-28T13:42:48.491Z

[1m[31m[31mX [41;31m[[41;97mERROR[41;31m][0m [1mTS2551: Property 'attachmentUploadStageValue' does not exist on type 'CourseBuilder'. Did you mean 'attachmentUploadStage'?[0m [1m[35m[plugin angular-compiler][0m

    src/app/ui/course-builder/course-builder.html:564:31:
[37m      564 │ ...       <strong>{{ [32mattachmentUploadStageValue[37m(component) === 's...
          ╵                      [32m~~~~~~~~~~~~~~~~~~~~~~~~~~[0m

  Error occurs in the template of component CourseBuilder.

    src/app/ui/course-builder/course-builder.ts:57:15:
[37m      57 │   templateUrl: [32m'./course-builder.html'[37m,
         ╵                [32m~~~~~~~~~~~~~~~~~~~~~~~[0m


[31mX [41;31m[[41;97mERROR[41;31m][0m [1mTS2551: Property 'attachmentUploadStageValue' does not exist on type 'CourseBuilder'. Did you mean 'attachmentUploadStage'?[0m [1m[35m[plugin angular-compiler][0m

    src/app/ui/course-builder/course-builder.html:565:29:
[37m      565 │ ...         <span>{{ [32mattachmentUploadStageValue[37m(component) === 's...
          ╵                      [32m~~~~~~~~~~~~~~~~~~~~~~~~~~[0m

  Error occurs in the template of component CourseBuilder.

    src/app/ui/course-builder/course-builder.ts:57:15:
[37m      57 │   templateUrl: [32m'./course-builder.html'[37m,
         ╵                [32m~~~~~~~~~~~~~~~~~~~~~~~[0m

[39m[22m
[33m>[39m Changes detected. Rebuilding...
[32m√[39m Changes detected. Rebuilding...
[1mInitial chunk files[22m[2m | [22m[1mNames[22m              [2m | [22m [1mRaw size[22m
[32mmain.js[39m            [2m | [22m[2mmain[22m               [2m | [22m [36m38.51 kB[39m[2m | [22m
[32mstyles.css[39m         [2m | [22m[2mstyles[22m             [2m | [22m [36m35.84 kB[39m[2m | [22m
[32mchunk-HFBNPKKE.js[39m  [2m | [22m[2m-[22m                  [2m | [22m  [36m1.45 kB[39m[2m | [22m

[1m [22m                  [2m | [22m[1mInitial total[22m      [2m | [22m [1m75.80 kB[22m

[1mLazy chunk files[22m   [2m | [22m[1mNames[22m              [2m | [22m [1mRaw size[22m
[32mchunk-MFQYMA44.js[39m  [2m | [22m[2mcourse-editor-route[22m[2m | [22m[36m380.88 kB[39m[2m | [22m
[32mchunk-W2KTAHPR.js[39m  [2m | [22m[2m-[22m                  [2m | [22m[36m260.46 kB[39m[2m | [22m
[32mchunk-VTVCZEOF.js[39m  [2m | [22m[2mcourse-view-route[22m  [2m | [22m[36m253.79 kB[39m[2m | [22m
[32mchunk-YDMCQ7LI.js[39m  [2m | [22m[2mcourses-route[22m      [2m | [22m[36m117.02 kB[39m[2m | [22m
[32mchunk-RE4GUQ7X.js[39m  [2m | [22m[2madmin-route[22m        [2m | [22m[36m112.80 kB[39m[2m | [22m
[32mchunk-565EPB65.js[39m  [2m | [22m[2mlibrary-route[22m      [2m | [22m [36m79.24 kB[39m[2m | [22m
[32mchunk-TETNJFRH.js[39m  [2m | [22m[2m-[22m                  [2m | [22m [36m57.85 kB[39m[2m | [22m
[32mchunk-IWN5SY6S.js[39m  [2m | [22m[2m-[22m                  [2m | [22m [36m27.25 kB[39m[2m | [22m
[32mchunk-ZCZFPUUA.js[39m  [2m | [22m[2mdashboard-route[22m    [2m | [22m [36m14.67 kB[39m[2m | [22m
[32mchunk-CIZBKVH2.js[39m  [2m | [22m[2mterms-route[22m        [2m | [22m [36m12.18 kB[39m[2m | [22m
[32mchunk-VIQCJG2O.js[39m  [2m | [22m[2m-[22m                  [2m | [22m  [36m6.56 kB[39m[2m | [22m

Application bundle generation complete. [0.725 seconds] - 2026-05-28T13:42:59.216Z

Page reload sent to client(s).
[33m>[39m Changes detected. Rebuilding...
[32m√[39m Changes detected. Rebuilding...
[1mInitial chunk files[22m[2m | [22m[1mNames[22m [2m | [22m[1mRaw size[22m
[32mstyles.css[39m         [2m | [22m[2mstyles[22m[2m | [22m[36m35.97 kB[39m[2m | [22m

Application bundle generation complete. [0.046 seconds] - 2026-05-28T13:43:19.242Z

Stylesheet update sent to client(s).
[33m>[39m Changes detected. Rebuilding...
[32m√[39m Changes detected. Rebuilding...
[1mInitial chunk files[22m[2m | [22m[1mNames[22m              [2m | [22m [1mRaw size[22m
[32mmain.js[39m            [2m | [22m[2mmain[22m               [2m | [22m [36m38.51 kB[39m[2m | [22m

[1mLazy chunk files[22m   [2m | [22m[1mNames[22m              [2m | [22m [1mRaw size[22m
[32mchunk-ZJ5JQW2D.js[39m  [2m | [22m[2mcourse-editor-route[22m[2m | [22m[36m380.98 kB[39m[2m | [22m

Application bundle generation complete. [0.634 seconds] - 2026-05-28T13:53:25.766Z

Page reload sent to client(s).
[33m>[39m Changes detected. Rebuilding...
[32m√[39m Changes detected. Rebuilding...
[1mInitial chunk files[22m[2m | [22m[1mNames[22m              [2m | [22m [1mRaw size[22m
[32mmain.js[39m            [2m | [22m[2mmain[22m               [2m | [22m [36m38.51 kB[39m[2m | [22m

[1mLazy chunk files[22m   [2m | [22m[1mNames[22m              [2m | [22m [1mRaw size[22m
[32mchunk-EMVWYEAA.js[39m  [2m | [22m[2mcourse-editor-route[22m[2m | [22m[36m380.98 kB[39m[2m | [22m
[32mchunk-CLYRFQ27.js[39m  [2m | [22m[2m-[22m                  [2m | [22m[36m260.48 kB[39m[2m | [22m
[32mchunk-RIOPU4V7.js[39m  [2m | [22m[2mcourse-view-route[22m  [2m | [22m[36m253.79 kB[39m[2m | [22m
[32mchunk-OHVEPXLJ.js[39m  [2m | [22m[2mcourses-route[22m      [2m | [22m[36m117.02 kB[39m[2m | [22m
[32mchunk-LFZ2J6MV.js[39m  [2m | [22m[2madmin-route[22m        [2m | [22m[36m112.80 kB[39m[2m | [22m
[32mchunk-5LZZGJT4.js[39m  [2m | [22m[2mlibrary-route[22m      [2m | [22m [36m79.24 kB[39m[2m | [22m
[32mchunk-52AHXF7K.js[39m  [2m | [22m[2m-[22m                  [2m | [22m [36m57.85 kB[39m[2m | [22m
[32mchunk-OBAKKTYN.js[39m  [2m | [22m[2mdashboard-route[22m    [2m | [22m [36m14.67 kB[39m[2m | [22m

Application bundle generation complete. [0.397 seconds] - 2026-05-28T13:53:33.555Z

Page reload sent to client(s).
[33m>[39m Changes detected. Rebuilding...
[32m√[39m Changes detected. Rebuilding...
[1mInitial chunk files[22m[2m | [22m[1mNames[22m              [2m | [22m [1mRaw size[22m
[32mmain.js[39m            [2m | [22m[2mmain[22m               [2m | [22m [36m38.51 kB[39m[2m | [22m

[1mLazy chunk files[22m   [2m | [22m[1mNames[22m              [2m | [22m [1mRaw size[22m
[32mchunk-Y25S4FJ5.js[39m  [2m | [22m[2mcourse-editor-route[22m[2m | [22m[36m381.57 kB[39m[2m | [22m

Application bundle generation complete. [0.537 seconds] - 2026-05-28T13:57:06.691Z

Page reload sent to client(s).
[33m>[39m Changes detected. Rebuilding...
[32m√[39m Changes detected. Rebuilding...
[1mInitial chunk files[22m[2m | [22m[1mNames[22m              [2m | [22m [1mRaw size[22m
[32mmain.js[39m            [2m | [22m[2mmain[22m               [2m | [22m [36m38.51 kB[39m[2m | [22m

[1mLazy chunk files[22m   [2m | [22m[1mNames[22m              [2m | [22m [1mRaw size[22m
[32mchunk-262XJQ4T.js[39m  [2m | [22m[2mcourse-editor-route[22m[2m | [22m[36m381.57 kB[39m[2m | [22m
[32mchunk-ZFU6GOIY.js[39m  [2m | [22m[2m-[22m                  [2m | [22m[36m260.64 kB[39m[2m | [22m
[32mchunk-EHT5BHFU.js[39m  [2m | [22m[2mcourse-view-route[22m  [2m | [22m[36m253.79 kB[39m[2m | [22m
[32mchunk-2BO3KZWP.js[39m  [2m | [22m[2mcourses-route[22m      [2m | [22m[36m117.02 kB[39m[2m | [22m
[32mchunk-OJQFXGAP.js[39m  [2m | [22m[2madmin-route[22m        [2m | [22m[36m112.80 kB[39m[2m | [22m
[32mchunk-SFHQ6O4C.js[39m  [2m | [22m[2mlibrary-route[22m      [2m | [22m [36m79.24 kB[39m[2m | [22m
[32mchunk-NIOP2SAL.js[39m  [2m | [22m[2m-[22m                  [2m | [22m [36m57.85 kB[39m[2m | [22m
[32mchunk-BYQ7S7B4.js[39m  [2m | [22m[2mdashboard-route[22m    [2m | [22m [36m14.67 kB[39m[2m | [22m

Application bundle generation complete. [0.394 seconds] - 2026-05-28T13:57:14.749Z

Page reload sent to client(s).
[33m>[39m Changes detected. Rebuilding...
[32m√[39m Changes detected. Rebuilding...
[1mInitial chunk files[22m[2m | [22m[1mNames[22m              [2m | [22m [1mRaw size[22m
[32mmain.js[39m            [2m | [22m[2mmain[22m               [2m | [22m [36m38.51 kB[39m[2m | [22m

[1mLazy chunk files[22m   [2m | [22m[1mNames[22m              [2m | [22m [1mRaw size[22m
[32mchunk-65MALJB2.js[39m  [2m | [22m[2mcourse-editor-route[22m[2m | [22m[36m382.32 kB[39m[2m | [22m

Application bundle generation complete. [0.585 seconds] - 2026-05-28T13:58:35.963Z

Page reload sent to client(s).
[33m>[39m Changes detected. Rebuilding...
[32m√[39m Changes detected. Rebuilding...
[1mInitial chunk files[22m[2m | [22m[1mNames[22m              [2m | [22m [1mRaw size[22m
[32mmain.js[39m            [2m | [22m[2mmain[22m               [2m | [22m [36m38.51 kB[39m[2m | [22m

[1mLazy chunk files[22m   [2m | [22m[1mNames[22m              [2m | [22m [1mRaw size[22m
[32mchunk-LBB5BWX2.js[39m  [2m | [22m[2mcourse-editor-route[22m[2m | [22m[36m382.59 kB[39m[2m | [22m

Application bundle generation complete. [0.569 seconds] - 2026-05-28T13:59:43.199Z

Page reload sent to client(s).
[33m>[39m Changes detected. Rebuilding...
[32m√[39m Changes detected. Rebuilding...
[1mInitial chunk files[22m[2m | [22m[1mNames[22m              [2m | [22m [1mRaw size[22m
[32mmain.js[39m            [2m | [22m[2mmain[22m               [2m | [22m [36m38.51 kB[39m[2m | [22m

[1mLazy chunk files[22m   [2m | [22m[1mNames[22m              [2m | [22m [1mRaw size[22m
[32mchunk-S4OX6EKA.js[39m  [2m | [22m[2mcourse-editor-route[22m[2m | [22m[36m382.59 kB[39m[2m | [22m

Application bundle generation complete. [0.546 seconds] - 2026-05-28T13:59:48.630Z

Page reload sent to client(s).
[33m>[39m Changes detected. Rebuilding...
[32m√[39m Changes detected. Rebuilding...
Application bundle generation failed. [0.313 seconds] - 2026-05-28T13:59:55.246Z

[1m[31m[31mX [41;31m[[41;97mERROR[41;31m][0m [1mTS2554: Expected 1-2 arguments, but got 3.[0m [1m[35m[plugin angular-compiler][0m

    src/app/services/app-state.service.ts:2245:6:
[37m      2245 │       [32m'g'[37m,
           ╵       [32m~~~[0m

[39m[22m
[33m>[39m Changes detected. Rebuilding...
[32m√[39m Changes detected. Rebuilding...
[1mInitial chunk files[22m[2m | [22m[1mNames[22m              [2m | [22m [1mRaw size[22m
[32mmain.js[39m            [2m | [22m[2mmain[22m               [2m | [22m [36m38.51 kB[39m[2m | [22m
[32mstyles.css[39m         [2m | [22m[2mstyles[22m             [2m | [22m [36m35.97 kB[39m[2m | [22m
[32mchunk-HFBNPKKE.js[39m  [2m | [22m[2m-[22m                  [2m | [22m  [36m1.45 kB[39m[2m | [22m

[1m [22m                  [2m | [22m[1mInitial total[22m      [2m | [22m [1m75.93 kB[22m

[1mLazy chunk files[22m   [2m | [22m[1mNames[22m              [2m | [22m [1mRaw size[22m
[32mchunk-SUURHJSJ.js[39m  [2m | [22m[2mcourse-editor-route[22m[2m | [22m[36m382.59 kB[39m[2m | [22m
[32mchunk-CEMFE6DR.js[39m  [2m | [22m[2m-[22m                  [2m | [22m[36m260.84 kB[39m[2m | [22m
[32mchunk-Q4FQBLCF.js[39m  [2m | [22m[2mcourse-view-route[22m  [2m | [22m[36m253.79 kB[39m[2m | [22m
[32mchunk-ISJIW2YR.js[39m  [2m | [22m[2mcourses-route[22m      [2m | [22m[36m117.02 kB[39m[2m | [22m
[32mchunk-PT7IS4TY.js[39m  [2m | [22m[2madmin-route[22m        [2m | [22m[36m112.80 kB[39m[2m | [22m
[32mchunk-YBIZHW7U.js[39m  [2m | [22m[2mlibrary-route[22m      [2m | [22m [36m79.24 kB[39m[2m | [22m
[32mchunk-QFN2WJ6N.js[39m  [2m | [22m[2m-[22m                  [2m | [22m [36m57.85 kB[39m[2m | [22m
[32mchunk-IWN5SY6S.js[39m  [2m | [22m[2m-[22m                  [2m | [22m [36m27.25 kB[39m[2m | [22m
[32mchunk-7PEJRFSL.js[39m  [2m | [22m[2mdashboard-route[22m    [2m | [22m [36m14.67 kB[39m[2m | [22m
[32mchunk-CIZBKVH2.js[39m  [2m | [22m[2mterms-route[22m        [2m | [22m [36m12.18 kB[39m[2m | [22m
[32mchunk-VIQCJG2O.js[39m  [2m | [22m[2m-[22m                  [2m | [22m  [36m6.56 kB[39m[2m | [22m

Application bundle generation complete. [0.310 seconds] - 2026-05-28T14:00:10.559Z

Page reload sent to client(s).
[33m>[39m Changes detected. Rebuilding...
[32m√[39m Changes detected. Rebuilding...
[1mInitial chunk files[22m[2m | [22m[1mNames[22m              [2m | [22m [1mRaw size[22m
[32mmain.js[39m            [2m | [22m[2mmain[22m               [2m | [22m [36m38.51 kB[39m[2m | [22m
[32mstyles.css[39m         [2m | [22m[2mstyles[22m             [2m | [22m [36m35.97 kB[39m[2m | [22m
[32mchunk-HFBNPKKE.js[39m  [2m | [22m[2m-[22m                  [2m | [22m  [36m1.45 kB[39m[2m | [22m

[1m [22m                  [2m | [22m[1mInitial total[22m      [2m | [22m [1m75.93 kB[22m

[1mLazy chunk files[22m   [2m | [22m[1mNames[22m              [2m | [22m [1mRaw size[22m
[32mchunk-SUURHJSJ.js[39m  [2m | [22m[2mcourse-editor-route[22m[2m | [22m[36m382.59 kB[39m[2m | [22m
[32mchunk-CEMFE6DR.js[39m  [2m | [22m[2m-[22m                  [2m | [22m[36m260.84 kB[39m[2m | [22m
[32mchunk-Q4FQBLCF.js[39m  [2m | [22m[2mcourse-view-route[22m  [2m | [22m[36m253.79 kB[39m[2m | [22m
[32mchunk-ISJIW2YR.js[39m  [2m | [22m[2mcourses-route[22m      [2m | [22m[36m117.02 kB[39m[2m | [22m
[32mchunk-PT7IS4TY.js[39m  [2m | [22m[2madmin-route[22m        [2m | [22m[36m112.80 kB[39m[2m | [22m
[32mchunk-YBIZHW7U.js[39m  [2m | [22m[2mlibrary-route[22m      [2m | [22m [36m79.24 kB[39m[2m | [22m
[32mchunk-QFN2WJ6N.js[39m  [2m | [22m[2m-[22m                  [2m | [22m [36m57.85 kB[39m[2m | [22m
[32mchunk-IWN5SY6S.js[39m  [2m | [22m[2m-[22m                  [2m | [22m [36m27.25 kB[39m[2m | [22m
[32mchunk-7PEJRFSL.js[39m  [2m | [22m[2mdashboard-route[22m    [2m | [22m [36m14.67 kB[39m[2m | [22m
[32mchunk-CIZBKVH2.js[39m  [2m | [22m[2mterms-route[22m        [2m | [22m [36m12.18 kB[39m[2m | [22m
[32mchunk-VIQCJG2O.js[39m  [2m | [22m[2m-[22m                  [2m | [22m  [36m6.56 kB[39m[2m | [22m

Application bundle generation complete. [0.041 seconds] - 2026-05-28T14:24:46.718Z

[33m>[39m Changes detected. Rebuilding...
[32m√[39m Changes detected. Rebuilding...
[1mInitial chunk files[22m[2m | [22m[1mNames[22m              [2m | [22m [1mRaw size[22m
[32mmain.js[39m            [2m | [22m[2mmain[22m               [2m | [22m [36m38.51 kB[39m[2m | [22m

[1mLazy chunk files[22m   [2m | [22m[1mNames[22m              [2m | [22m [1mRaw size[22m
[32mchunk-5XHLKXJD.js[39m  [2m | [22m[2mcourse-editor-route[22m[2m | [22m[36m382.59 kB[39m[2m | [22m
[32mchunk-PWPXJVOK.js[39m  [2m | [22m[2m-[22m                  [2m | [22m[36m260.84 kB[39m[2m | [22m
[32mchunk-X3LRIXL6.js[39m  [2m | [22m[2mcourse-view-route[22m  [2m | [22m[36m253.79 kB[39m[2m | [22m
[32mchunk-MHCPPBQU.js[39m  [2m | [22m[2mcourses-route[22m      [2m | [22m[36m117.02 kB[39m[2m | [22m
[32mchunk-QNU3ULVT.js[39m  [2m | [22m[2madmin-route[22m        [2m | [22m[36m112.80 kB[39m[2m | [22m
[32mchunk-VUB56ONE.js[39m  [2m | [22m[2mlibrary-route[22m      [2m | [22m [36m79.24 kB[39m[2m | [22m
[32mchunk-ETFZ7HRJ.js[39m  [2m | [22m[2m-[22m                  [2m | [22m [36m57.85 kB[39m[2m | [22m
[32mchunk-F5QVUYJF.js[39m  [2m | [22m[2mdashboard-route[22m    [2m | [22m [36m14.67 kB[39m[2m | [22m

Application bundle generation complete. [0.301 seconds] - 2026-05-28T14:24:47.455Z

Page reload sent to client(s).
[33m>[39m Changes detected. Rebuilding...
[32m√[39m Changes detected. Rebuilding...
[1mInitial chunk files[22m[2m | [22m[1mNames[22m          [2m | [22m [1mRaw size[22m
[32mmain.js[39m            [2m | [22m[2mmain[22m           [2m | [22m [36m38.51 kB[39m[2m | [22m

[1mLazy chunk files[22m   [2m | [22m[1mNames[22m          [2m | [22m [1mRaw size[22m
[32mchunk-46L72I53.js[39m  [2m | [22m[2madmin-route[22m    [2m | [22m[36m112.80 kB[39m[2m | [22m
[32mchunk-UGHMBQ5T.js[39m  [2m | [22m[2m-[22m              [2m | [22m [36m71.07 kB[39m[2m | [22m
[32mchunk-LBFQOTK5.js[39m  [2m | [22m[2mdashboard-route[22m[2m | [22m [36m14.67 kB[39m[2m | [22m

Application bundle generation complete. [0.254 seconds] - 2026-05-28T15:37:33.521Z

Page reload sent to client(s).
